ir\practice\pvp\commands\PrcCommand.class
ir\practice\pvp\managers\MatchManager$1.class
ir\practice\pvp\managers\LobbyItemManager.class
ir\practice\pvp\managers\MatchManager$3.class
ir\practice\pvp\managers\MatchManager$6.class
ir\practice\pvp\models\GameTeam.class
ir\practice\pvp\managers\QueueManager.class
ir\practice\pvp\listeners\GameListener$4.class
ir\practice\pvp\utils\LocationUtils.class
ir\practice\pvp\managers\MatchManager.class
ir\practice\pvp\PracticePvP.class
ir\practice\pvp\commands\SpectateCommand.class
ir\practice\pvp\commands\FallDamageCommand.class
ir\practice\pvp\managers\ArenaManager.class
ir\practice\pvp\managers\MatchManager$4.class
ir\practice\pvp\listeners\GameListener$2.class
ir\practice\pvp\commands\BfCommand.class
ir\practice\pvp\managers\ArenaManager$1.class
ir\practice\pvp\models\LobbyItem.class
ir\practice\pvp\managers\MatchManager$2.class
ir\practice\pvp\utils\TitleUtil.class
ir\practice\pvp\listeners\GameListener.class
ir\practice\pvp\listeners\GameListener$5.class
ir\practice\pvp\utils\LuckPrefixHook.class
ir\practice\pvp\managers\MatchManager$5.class
ir\practice\pvp\models\LobbyItem$ClickAction.class
ir\practice\pvp\listeners\GameListener$3.class
ir\practice\pvp\models\Arena.class
ir\practice\pvp\managers\LobbyItemManager$1.class
ir\practice\pvp\managers\MatchManager$4$1.class
ir\practice\pvp\models\Match$MatchState.class
ir\practice\pvp\models\Match.class
ir\practice\pvp\models\BlockSnapshot.class
ir\practice\pvp\listeners\GameListener$1.class
ir\practice\pvp\utils\MessageManager.class
