C:\Users\maziy\Desktop\New folder\n13\PracticePvP\src\main\java\ir\practice\pvp\managers\LobbyItemManager.java
C:\Users\maziy\Desktop\New folder\n13\PracticePvP\src\main\java\ir\practice\pvp\listeners\GameListener.java
C:\Users\maziy\Desktop\New folder\n13\PracticePvP\src\main\java\ir\practice\pvp\managers\MatchManager.java
C:\Users\maziy\Desktop\New folder\n13\PracticePvP\src\main\java\ir\practice\pvp\commands\PrcCommand.java
C:\Users\maziy\Desktop\New folder\n13\PracticePvP\src\main\java\ir\practice\pvp\commands\SpectateCommand.java
C:\Users\maziy\Desktop\New folder\n13\PracticePvP\src\main\java\ir\practice\pvp\utils\LocationUtils.java
C:\Users\maziy\Desktop\New folder\n13\PracticePvP\src\main\java\ir\practice\pvp\models\BlockSnapshot.java
C:\Users\maziy\Desktop\New folder\n13\PracticePvP\src\main\java\ir\practice\pvp\utils\TitleUtil.java
C:\Users\maziy\Desktop\New folder\n13\PracticePvP\src\main\java\ir\practice\pvp\commands\FallDamageCommand.java
C:\Users\maziy\Desktop\New folder\n13\PracticePvP\src\main\java\ir\practice\pvp\commands\BfCommand.java
C:\Users\maziy\Desktop\New folder\n13\PracticePvP\src\main\java\ir\practice\pvp\utils\LuckPrefixHook.java
C:\Users\maziy\Desktop\New folder\n13\PracticePvP\src\main\java\ir\practice\pvp\managers\ArenaManager.java
C:\Users\maziy\Desktop\New folder\n13\PracticePvP\src\main\java\ir\practice\pvp\models\Arena.java
C:\Users\maziy\Desktop\New folder\n13\PracticePvP\src\main\java\ir\practice\pvp\models\LobbyItem.java
C:\Users\maziy\Desktop\New folder\n13\PracticePvP\src\main\java\ir\practice\pvp\utils\MessageManager.java
C:\Users\maziy\Desktop\New folder\n13\PracticePvP\src\main\java\ir\practice\pvp\PracticePvP.java
C:\Users\maziy\Desktop\New folder\n13\PracticePvP\src\main\java\ir\practice\pvp\managers\QueueManager.java
C:\Users\maziy\Desktop\New folder\n13\PracticePvP\src\main\java\ir\practice\pvp\models\GameTeam.java
C:\Users\maziy\Desktop\New folder\n13\PracticePvP\src\main\java\ir\practice\pvp\models\Match.java
